sheet,row,col,value,formula
AT_YTD,2,B,Hello,
AT_YTD,2,C,1234,
AT_YTD,2,D,=C2*2,=C2*2
AT_YTD,2,E,,
AT_YTD,3,B,,
AT_YTD,3,C,,
AT_YTD,3,D,,
AT_YTD,3,E,,
AT_YTD,4,B,,
AT_YTD,4,C,,
AT_YTD,4,D,,
AT_YTD,4,E,,
AT_YTD,5,B,,
AT_YTD,5,C,,
AT_YTD,5,D,,
AT_YTD,5,E,,
AT_YTD,6,B,,
AT_YTD,6,C,,
AT_YTD,6,D,,
AT_YTD,6,E,,
